cube 1.2 boundingRadius: 1.0392304845413263
cube 0.8 boundingRadius: 0.6928203230275509
cube 1.0 boundingRadius: 0.8660254037844386
icosphere 0.7 boundingRadius: 0.7
icosphere 0.5 boundingRadius: 0.5
icosphere 0.6 boundingRadius: 0.6
torus 0.6/0.2 boundingRadius: 0.8
torus 0.5/0.15 boundingRadius: 0.65
staircase 16 boundingRadius: 1.12
staircase 24 boundingRadius: 1.62
\nRoom dimensions: X=[-8,8] Y=[0,10] Z=[-8,8]
Room halfW=8, halfD=8, height=10
